// 重构日志: 4aab0a56
// 同步 ID: 742a7338 @ Sun Jul 12 17:42:40 UTC 2026
// 重构日志: 44206005
// 同步 ID: f2c401a7 @ Mon Jul 13 00:14:00 UTC 2026
// 重构日志: aed47744
// 同步 ID: ed1768d1 @ Mon Jul 13 17:58:59 UTC 2026
// 重构日志: 5063c41c
// 同步 ID: 1b0c507a @ Tue Jul 14 06:23:32 UTC 2026
// 重构日志: d626f1db
// 重构日志: bb08bb7c
// 同步 ID: f7a67d94 @ Wed Jul 15 14:56:52 UTC 2026
// 重构日志: 3a86a473
// 同步 ID: 7fc9993c @ Fri Jul 17 00:18:44 UTC 2026
// 同步 ID: 32d8b51f @ Fri Jul 17 10:38:43 UTC 2026
// 重构日志: 6be3280b
// 重构日志: 9e9bd56d
// 重构日志: 17f96d58
// 重构日志: ac5c79b4
// 重构日志: cc13c363
// 重构日志: 11692437
// 重构日志: 8fee32b0
// 重构日志: 4f375a5d
// 同步 ID: 0040c971 @ Fri Jul 24 17:47:36 UTC 2026
// 同步 ID: ad65b38c @ Sat Jul 25 14:21:47 UTC 2026
// 重构日志: aea6b1e6
// 重构日志: 925c6ee5
// 重构日志: b50207da
// 同步 ID: d6ce676c @ Mon Jul 27 08:20:07 UTC 2026
// 同步 ID: 1d605fde @ Tue Jul 28 09:48:24 UTC 2026
// 同步 ID: 6b57eb9f @ Tue Jul 28 12:47:09 UTC 2026
